 --- BIN FILE READ: NICA_Gold
  11292 INCLUDE 'NICA_Gold';
  11293   PROCEDURE MAIN;
  11294     VARIABLE WHERE 100;
  11295     VARIABLE MRKR 10;
  11296     VARIABLE GAMMA 1;
  11297     VARIABLE MAPSE 1;
  11298     VARIABLE MU 800;
  11299     VARIABLE NBAR 800 3;
  11300     VARIABLE EL 1;
  11301     VARIABLE PNUM 1;
  11302     VARIABLE PSI0_DEG 1;
  11303     VARIABLE NTURN 1;
  11304     VARIABLE TUNE 800 3;
  11305     VARIABLE MU_TP 800 3;
  11306     VARIABLE CHROM_X 1;
  11307     VARIABLE CHROM_Y 1;
  11308     VARIABLE SGX1 1;
  11309     VARIABLE SGY1 1;
  11310     VARIABLE EB1 1;
  11311     VARIABLE SGX2 1;
  11312     VARIABLE SGY2 1;
  11313     VARIABLE A 100 2 ;
  11314     VARIABLE B 100 2 ;
  11315     VARIABLE G 100 2 ;
  11316     VARIABLE R 100 2 ;
  11317     VARIABLE F 100 6 ;
  11318     GAMMA := 1.12792344429;
  11319     OV 5 2 1; %OV:  969
  11320     SET_FOR_DEUTERONS GAMMA; %SET_FOR_DEUTERONS:10561
  11321     SGX1 := 0.0;
  11322     SGY1 := 0.0;
  11323     LATTICE SGX1 SGY1 1 0; %LATTICE:10663
  11324     TP MU_TP ; %TP: 3955
  11325     CHROM_X:= (MU_TP(1)|(0&0&0&0&1))*(1+1/GAMMA);
  11326     CHROM_Y:= (MU_TP(2)|(0&0&0&0&1))*(1+1/GAMMA);
  11327     WRITE 6 'CHROM_X' CHROM_X 'CHROM_Y' CHROM_Y;
  11328     ENDPROCEDURE;
  11329   PROCEDURE RUN;
  11330     MAIN; %MAIN:11293
  11331     ENDPROCEDURE;
  11332   RUN; %RUN:11329
