            #s         invTz         invTa         invTb
         # (m)         (1/s)         (1/s)         (1/s)
# Element-by-element rates at start of simulation at full current.
# Initial average rates:      -0.0000000     -0.0000000     -0.0000000
       0.23500       -0.000000       -0.000000       -0.000000
       0.90000       -0.000000       -0.000000       -0.000000
       3.32763       -0.000000       -0.000000       -0.000000
       3.62763       -0.000000       -0.000000       -0.000000
       6.05527       -0.000000       -0.000000       -0.000000
       6.72027       -0.000000       -0.000000       -0.000000
       6.95527       -0.000000       -0.000000       -0.000000
       7.19027       -0.000000       -0.000000       -0.000000
       7.85527       -0.000000       -0.000000       -0.000000
      10.28291       -0.000000       -0.000000       -0.000000
      10.58291       -0.000000       -0.000000       -0.000000
      13.01054       -0.000000       -0.000000       -0.000000
      13.67554       -0.000000       -0.000000       -0.000000
      13.91054       -0.000000       -0.000000       -0.000000
      14.14554       -0.000000       -0.000000       -0.000000
      14.81054       -0.000000       -0.000000       -0.000000
      17.23817       -0.000000       -0.000000       -0.000000
      17.53817       -0.000000       -0.000000       -0.000000
      19.96581       -0.000000       -0.000000       -0.000000
      20.63081       -0.000000       -0.000000       -0.000000
      20.86581       -0.000000       -0.000000       -0.000000
      21.10081       -0.000000       -0.000000       -0.000000
      21.76581       -0.000000       -0.000000       -0.000000
      24.19344       -0.000000       -0.000000       -0.000000
      24.49344       -0.000000       -0.000000       -0.000000
      26.92108       -0.000000       -0.000000       -0.000000
      27.58608       -0.000000       -0.000000       -0.000000
      27.82108       -0.000000       -0.000000       -0.000000
      28.05608       -0.000000       -0.000000       -0.000000
      28.72108       -0.000000       -0.000000       -0.000000
      31.14871       -0.000000       -0.000000       -0.000000
      31.44871       -0.000000       -0.000000       -0.000000
      33.87635       -0.000000       -0.000000       -0.000000
      34.54135       -0.000000       -0.000000       -0.000000
      34.77635       -0.000000       -0.000000       -0.000000
      35.01135       -0.000000       -0.000000       -0.000000
      35.67635       -0.000000       -0.000000       -0.000000
      38.10398       -0.000000       -0.000000       -0.000000
      38.40398       -0.000000       -0.000000       -0.000000
      40.83162       -0.000000       -0.000000       -0.000000
      41.49662       -0.000000       -0.000000       -0.000000
      41.73162       -0.000000       -0.000000       -0.000000
      41.96662       -0.000000       -0.000000       -0.000000
      42.63162       -0.000000       -0.000000       -0.000000
      45.05925       -0.000000       -0.000000       -0.000000
      45.35925       -0.000000       -0.000000       -0.000000
      47.78689       -0.000000       -0.000000       -0.000000
      48.45189       -0.000000       -0.000000       -0.000000
      48.68689       -0.000000       -0.000000       -0.000000
      48.92189       -0.000000       -0.000000       -0.000000
      49.58689       -0.000000       -0.000000       -0.000000
      52.01452       -0.000000       -0.000000       -0.000000
      52.31452       -0.000000       -0.000000       -0.000000
      54.74216       -0.000000       -0.000000       -0.000000
      55.40716       -0.000000       -0.000000       -0.000000
      55.64216       -0.000000       -0.000000       -0.000000
      55.87716       -0.000000       -0.000000       -0.000000
      56.54216       -0.000000       -0.000000       -0.000000
      58.96979       -0.000000       -0.000000       -0.000000
      59.26979       -0.000000       -0.000000       -0.000000
      61.69743       -0.000000       -0.000000       -0.000000
      62.36243       -0.000000       -0.000000       -0.000000
      62.59743       -0.000000       -0.000000       -0.000000
      62.83243       -0.000000       -0.000000       -0.000000
      63.49743       -0.000000       -0.000000       -0.000000
      65.92506       -0.000000       -0.000000       -0.000000
      66.22506       -0.000000       -0.000000       -0.000000
      68.65270       -0.000000       -0.000000       -0.000000
      69.31770       -0.000000       -0.000000       -0.000000
      69.55270       -0.000000       -0.000000       -0.000000
      69.78770       -0.000000       -0.000000       -0.000000
      70.45270       -0.000000       -0.000000       -0.000000
      72.88033       -0.000000       -0.000000       -0.000000
      73.18033       -0.000000       -0.000000       -0.000000
      75.60797       -0.000000       -0.000000       -0.000000
      76.27297       -0.000000       -0.000000       -0.000000
      76.50797       -0.000000       -0.000000       -0.000000
      76.74297       -0.000000       -0.000000       -0.000000
      77.40797       -0.000000       -0.000000       -0.000000
      79.83560       -0.000000       -0.000000       -0.000000
      80.13560       -0.000000       -0.000000       -0.000000
      82.56324       -0.000000       -0.000000       -0.000000
      83.22824       -0.000000       -0.000000       -0.000000
      83.46324       -0.000000       -0.000000       -0.000000
      83.69824       -0.000000       -0.000000       -0.000000
      86.16824       -0.000000       -0.000000       -0.000000
      86.40324       -0.000000       -0.000000       -0.000000
      86.63824       -0.000000       -0.000000       -0.000000
      89.10824       -0.000000       -0.000000       -0.000000
      89.34324       -0.000000       -0.000000       -0.000000
      89.57824       -0.000000       -0.000000       -0.000000
      92.04824       -0.000000       -0.000000       -0.000000
      92.28324       -0.000000       -0.000000       -0.000000
      92.51824       -0.000000       -0.000000       -0.000000
      94.98824       -0.000000       -0.000000       -0.000000
      95.22324       -0.000000       -0.000000       -0.000000
      95.45824       -0.000000       -0.000000       -0.000000
      97.92824       -0.000000       -0.000000       -0.000000
      98.16324       -0.000000       -0.000000       -0.000000
      98.39824       -0.000000       -0.000000       -0.000000
     100.86824       -0.000000       -0.000000       -0.000000
     101.10324       -0.000000       -0.000000       -0.000000
     101.33824       -0.000000       -0.000000       -0.000000
     103.80824       -0.000000       -0.000000       -0.000000
     104.04324       -0.000000       -0.000000       -0.000000
     104.27824       -0.000000       -0.000000       -0.000000
     106.74824       -0.000000       -0.000000       -0.000000
     106.98324       -0.000000       -0.000000       -0.000000
     107.21824       -0.000000       -0.000000       -0.000000
     109.68824       -0.000000       -0.000000       -0.000000
     109.92324       -0.000000       -0.000000       -0.000000
     110.15824       -0.000000       -0.000000       -0.000000
     112.62824       -0.000000       -0.000000       -0.000000
     112.86324       -0.000000       -0.000000       -0.000000
     113.09824       -0.000000       -0.000000       -0.000000
     115.56824       -0.000000       -0.000000       -0.000000
     115.80324       -0.000000       -0.000000       -0.000000
     116.03824       -0.000000       -0.000000       -0.000000
     118.50824       -0.000000       -0.000000       -0.000000
     118.74324       -0.000000       -0.000000       -0.000000
     118.97824       -0.000000       -0.000000       -0.000000
     121.44824       -0.000000       -0.000000       -0.000000
     121.68324       -0.000000       -0.000000       -0.000000
     121.91824       -0.000000       -0.000000       -0.000000
     124.38824       -0.000000       -0.000000       -0.000000
     124.62324       -0.000000       -0.000000       -0.000000
     124.85824       -0.000000       -0.000000       -0.000000
     127.32824       -0.000000       -0.000000       -0.000000
     127.56324       -0.000000       -0.000000       -0.000000
     127.79824       -0.000000       -0.000000       -0.000000
     130.26824       -0.000000       -0.000000       -0.000000
     130.50324       -0.000000       -0.000000       -0.000000
     130.73824       -0.000000       -0.000000       -0.000000
     133.20824       -0.000000       -0.000000       -0.000000
     133.44324       -0.000000       -0.000000       -0.000000
     133.67824       -0.000000       -0.000000       -0.000000
     136.14824       -0.000000       -0.000000       -0.000000
     136.38324       -0.000000       -0.000000       -0.000000
     136.61824       -0.000000       -0.000000       -0.000000
     139.08824       -0.000000       -0.000000       -0.000000
     139.32324       -0.000000       -0.000000       -0.000000
     139.55824       -0.000000       -0.000000       -0.000000
     142.02824       -0.000000       -0.000000       -0.000000
     142.26324       -0.000000       -0.000000       -0.000000
     142.49824       -0.000000       -0.000000       -0.000000
     144.96824       -0.000000       -0.000000       -0.000000
     145.20324       -0.000000       -0.000000       -0.000000
     145.43824       -0.000000       -0.000000       -0.000000
     147.90824       -0.000000       -0.000000       -0.000000
     148.14324       -0.000000       -0.000000       -0.000000
     148.37824       -0.000000       -0.000000       -0.000000
     150.84824       -0.000000       -0.000000       -0.000000
     151.08324       -0.000000       -0.000000       -0.000000
     151.31824       -0.000000       -0.000000       -0.000000
     153.78824       -0.000000       -0.000000       -0.000000
     154.02324       -0.000000       -0.000000       -0.000000
     154.25824       -0.000000       -0.000000       -0.000000
     154.92324       -0.000000       -0.000000       -0.000000
     157.35088       -0.000000       -0.000000       -0.000000
     157.65088       -0.000000       -0.000000       -0.000000
     160.07851       -0.000000       -0.000000       -0.000000
     160.74351       -0.000000       -0.000000       -0.000000
     160.97851       -0.000000       -0.000000       -0.000000
     161.21351       -0.000000       -0.000000       -0.000000
     161.87851       -0.000000       -0.000000       -0.000000
     164.30615       -0.000000       -0.000000       -0.000000
     164.60615       -0.000000       -0.000000       -0.000000
     167.03378       -0.000000       -0.000000       -0.000000
     167.69878       -0.000000       -0.000000       -0.000000
     167.93378       -0.000000       -0.000000       -0.000000
     168.16878       -0.000000       -0.000000       -0.000000
     168.83378       -0.000000       -0.000000       -0.000000
     171.26142       -0.000000       -0.000000       -0.000000
     171.56142       -0.000000       -0.000000       -0.000000
     173.98905       -0.000000       -0.000000       -0.000000
     174.65405       -0.000000       -0.000000       -0.000000
     174.88905       -0.000000       -0.000000       -0.000000
     175.12405       -0.000000       -0.000000       -0.000000
     175.78905       -0.000000       -0.000000       -0.000000
     178.21669       -0.000000       -0.000000       -0.000000
     178.51669       -0.000000       -0.000000       -0.000000
     180.94432       -0.000000       -0.000000       -0.000000
     181.60932       -0.000000       -0.000000       -0.000000
     181.84432       -0.000000       -0.000000       -0.000000
     182.07932       -0.000000       -0.000000       -0.000000
     182.74432       -0.000000       -0.000000       -0.000000
     185.17196       -0.000000       -0.000000       -0.000000
     185.47196       -0.000000       -0.000000       -0.000000
     187.89959       -0.000000       -0.000000       -0.000000
     188.56459       -0.000000       -0.000000       -0.000000
     188.79959       -0.000000       -0.000000       -0.000000
     189.03459       -0.000000       -0.000000       -0.000000
     189.69959       -0.000000       -0.000000       -0.000000
     192.12723       -0.000000       -0.000000       -0.000000
     192.42723       -0.000000       -0.000000       -0.000000
     194.85486       -0.000000       -0.000000       -0.000000
     195.51986       -0.000000       -0.000000       -0.000000
     195.75486       -0.000000       -0.000000       -0.000000
     195.98986       -0.000000       -0.000000       -0.000000
     196.65486       -0.000000       -0.000000       -0.000000
     199.08250       -0.000000       -0.000000       -0.000000
     199.38250       -0.000000       -0.000000       -0.000000
     201.81013       -0.000000       -0.000000       -0.000000
     202.47513       -0.000000       -0.000000       -0.000000
     202.71013       -0.000000       -0.000000       -0.000000
     202.94513       -0.000000       -0.000000       -0.000000
     203.61013       -0.000000       -0.000000       -0.000000
     206.03777       -0.000000       -0.000000       -0.000000
     206.33777       -0.000000       -0.000000       -0.000000
     208.76540       -0.000000       -0.000000       -0.000000
     209.43040       -0.000000       -0.000000       -0.000000
     209.66540       -0.000000       -0.000000       -0.000000
     209.90040       -0.000000       -0.000000       -0.000000
     210.56540       -0.000000       -0.000000       -0.000000
     212.99304       -0.000000       -0.000000       -0.000000
     213.29304       -0.000000       -0.000000       -0.000000
     215.72067       -0.000000       -0.000000       -0.000000
     216.38567       -0.000000       -0.000000       -0.000000
     216.62067       -0.000000       -0.000000       -0.000000
     216.85567       -0.000000       -0.000000       -0.000000
     217.52067       -0.000000       -0.000000       -0.000000
     219.94831       -0.000000       -0.000000       -0.000000
     220.24831       -0.000000       -0.000000       -0.000000
     222.67594       -0.000000       -0.000000       -0.000000
     223.34094       -0.000000       -0.000000       -0.000000
     223.57594       -0.000000       -0.000000       -0.000000
     223.81094       -0.000000       -0.000000       -0.000000
     224.47594       -0.000000       -0.000000       -0.000000
     226.90358       -0.000000       -0.000000       -0.000000
     227.20358       -0.000000       -0.000000       -0.000000
     229.63121       -0.000000       -0.000000       -0.000000
     230.29621       -0.000000       -0.000000       -0.000000
     230.53121       -0.000000       -0.000000       -0.000000
     230.76621       -0.000000       -0.000000       -0.000000
     231.43121       -0.000000       -0.000000       -0.000000
     233.85885       -0.000000       -0.000000       -0.000000
     234.15885       -0.000000       -0.000000       -0.000000
     236.58648       -0.000000       -0.000000       -0.000000
     237.25148       -0.000000       -0.000000       -0.000000
     237.48648       -0.000000       -0.000000       -0.000000
     237.72148       -0.000000       -0.000000       -0.000000
     238.38648       -0.000000       -0.000000       -0.000000
     240.81412       -0.000000       -0.000000       -0.000000
     241.11412       -0.000000       -0.000000       -0.000000
     243.54175       -0.000000       -0.000000       -0.000000
     244.20675       -0.000000       -0.000000       -0.000000
     244.44175       -0.000000       -0.000000       -0.000000
     244.67675       -0.000000       -0.000000       -0.000000
     245.34175       -0.000000       -0.000000       -0.000000
     247.76939       -0.000000       -0.000000       -0.000000
     248.06939       -0.000000       -0.000000       -0.000000
     250.49702       -0.000000       -0.000000       -0.000000
     251.16202       -0.000000       -0.000000       -0.000000
     251.39702       -0.000000       -0.000000       -0.000000
     251.63202       -0.000000       -0.000000       -0.000000
     252.29702       -0.000000       -0.000000       -0.000000
     254.72466       -0.000000       -0.000000       -0.000000
     255.02466       -0.000000       -0.000000       -0.000000
     257.45229       -0.000000       -0.000000       -0.000000
     258.11729       -0.000000       -0.000000       -0.000000
     258.35229       -0.000000       -0.000000       -0.000000
     258.58729       -0.000000       -0.000000       -0.000000
     259.25229       -0.000000       -0.000000       -0.000000
     261.67993       -0.000000       -0.000000       -0.000000
     261.97993       -0.000000       -0.000000       -0.000000
     264.40756       -0.000000       -0.000000       -0.000000
     265.07256       -0.000000       -0.000000       -0.000000
     265.30756       -0.000000       -0.000000       -0.000000
     265.54256       -0.000000       -0.000000       -0.000000
     266.20756       -0.000000       -0.000000       -0.000000
     268.63520       -0.000000       -0.000000       -0.000000
     268.93520       -0.000000       -0.000000       -0.000000
     271.36283       -0.000000       -0.000000       -0.000000
     272.02783       -0.000000       -0.000000       -0.000000
     272.26283       -0.000000       -0.000000       -0.000000
     272.49783       -0.000000       -0.000000       -0.000000
     273.16283       -0.000000       -0.000000       -0.000000
     275.59047       -0.000000       -0.000000       -0.000000
     275.89047       -0.000000       -0.000000       -0.000000
     278.31810       -0.000000       -0.000000       -0.000000
     278.98310       -0.000000       -0.000000       -0.000000
     279.21810       -0.000000       -0.000000       -0.000000
     279.45310       -0.000000       -0.000000       -0.000000
     280.11810       -0.000000       -0.000000       -0.000000
     282.54574       -0.000000       -0.000000       -0.000000
     282.84574       -0.000000       -0.000000       -0.000000
     285.27337       -0.000000       -0.000000       -0.000000
     285.93837       -0.000000       -0.000000       -0.000000
     286.17337       -0.000000       -0.000000       -0.000000
     286.40837       -0.000000       -0.000000       -0.000000
     287.07337       -0.000000       -0.000000       -0.000000
     289.50101       -0.000000       -0.000000       -0.000000
     289.80101       -0.000000       -0.000000       -0.000000
     292.22864       -0.000000       -0.000000       -0.000000
     292.89364       -0.000000       -0.000000       -0.000000
     293.12864       -0.000000       -0.000000       -0.000000
     293.36364       -0.000000       -0.000000       -0.000000
     294.02864       -0.000000       -0.000000       -0.000000
     296.45628       -0.000000       -0.000000       -0.000000
     296.75628       -0.000000       -0.000000       -0.000000
     299.18391       -0.000000       -0.000000       -0.000000
     299.84891       -0.000000       -0.000000       -0.000000
     300.08391       -0.000000       -0.000000       -0.000000
     300.31891       -0.000000       -0.000000       -0.000000
     300.98391       -0.000000       -0.000000       -0.000000
     303.41155       -0.000000       -0.000000       -0.000000
     303.71155       -0.000000       -0.000000       -0.000000
     306.13918       -0.000000       -0.000000       -0.000000
     306.80418       -0.000000       -0.000000       -0.000000
     307.03918       -0.000000       -0.000000       -0.000000
     307.27418       -0.000000       -0.000000       -0.000000
     307.93918       -0.000000       -0.000000       -0.000000
     310.36682       -0.000000       -0.000000       -0.000000
     310.66682       -0.000000       -0.000000       -0.000000
     313.09445       -0.000000       -0.000000       -0.000000
     313.75945       -0.000000       -0.000000       -0.000000
     313.99445       -0.000000       -0.000000       -0.000000
     314.22945       -0.000000       -0.000000       -0.000000
     314.89445       -0.000000       -0.000000       -0.000000
     317.32209       -0.000000       -0.000000       -0.000000
     317.62209       -0.000000       -0.000000       -0.000000
     320.04972       -0.000000       -0.000000       -0.000000
     320.71472       -0.000000       -0.000000       -0.000000
     320.94972       -0.000000       -0.000000       -0.000000
     321.18472       -0.000000       -0.000000       -0.000000
     323.65472       -0.000000       -0.000000       -0.000000
     323.88972       -0.000000       -0.000000       -0.000000
     324.12472       -0.000000       -0.000000       -0.000000
     326.59472       -0.000000       -0.000000       -0.000000
     326.82972       -0.000000       -0.000000       -0.000000
     327.06472       -0.000000       -0.000000       -0.000000
     329.53472       -0.000000       -0.000000       -0.000000
     329.76972       -0.000000       -0.000000       -0.000000
     330.00472       -0.000000       -0.000000       -0.000000
     332.47472       -0.000000       -0.000000       -0.000000
     332.70972       -0.000000       -0.000000       -0.000000
     332.94472       -0.000000       -0.000000       -0.000000
     335.41472       -0.000000       -0.000000       -0.000000
     335.64972       -0.000000       -0.000000       -0.000000
     335.88472       -0.000000       -0.000000       -0.000000
     338.35472       -0.000000       -0.000000       -0.000000
     338.58972       -0.000000       -0.000000       -0.000000
     338.82472       -0.000000       -0.000000       -0.000000
     341.29472       -0.000000       -0.000000       -0.000000
     341.52972       -0.000000       -0.000000       -0.000000
     341.76472       -0.000000       -0.000000       -0.000000
     344.23472       -0.000000       -0.000000       -0.000000
     344.46972       -0.000000       -0.000000       -0.000000
     344.70472       -0.000000       -0.000000       -0.000000
     347.17472       -0.000000       -0.000000       -0.000000
     347.40972       -0.000000       -0.000000       -0.000000
     347.64472       -0.000000       -0.000000       -0.000000
     350.11472       -0.000000       -0.000000       -0.000000
     350.34972       -0.000000       -0.000000       -0.000000
     350.58472       -0.000000       -0.000000       -0.000000
     353.05472       -0.000000       -0.000000       -0.000000
     353.28972       -0.000000       -0.000000       -0.000000
     353.52472       -0.000000       -0.000000       -0.000000
     355.99472       -0.000000       -0.000000       -0.000000
     356.22972       -0.000000       -0.000000       -0.000000
     356.46472       -0.000000       -0.000000       -0.000000
     358.93472       -0.000000       -0.000000       -0.000000
     359.16972       -0.000000       -0.000000       -0.000000
     359.40472       -0.000000       -0.000000       -0.000000
     361.87472       -0.000000       -0.000000       -0.000000
     362.10972       -0.000000       -0.000000       -0.000000
     362.34472       -0.000000       -0.000000       -0.000000
     364.81472       -0.000000       -0.000000       -0.000000
     365.04972       -0.000000       -0.000000       -0.000000
     365.28472       -0.000000       -0.000000       -0.000000
     367.75472       -0.000000       -0.000000       -0.000000
     367.98972       -0.000000       -0.000000       -0.000000
     368.22472       -0.000000       -0.000000       -0.000000
     370.69472       -0.000000       -0.000000       -0.000000
     370.92972       -0.000000       -0.000000       -0.000000
     371.16472       -0.000000       -0.000000       -0.000000
     373.63472       -0.000000       -0.000000       -0.000000
     373.86972       -0.000000       -0.000000       -0.000000
     374.10472       -0.000000       -0.000000       -0.000000
     376.57472       -0.000000       -0.000000       -0.000000
     376.80972       -0.000000       -0.000000       -0.000000
     377.04472       -0.000000       -0.000000       -0.000000
     379.51472       -0.000000       -0.000000       -0.000000
     379.74972       -0.000000       -0.000000       -0.000000
     379.98472       -0.000000       -0.000000       -0.000000
     382.45472       -0.000000       -0.000000       -0.000000
     382.68972       -0.000000       -0.000000       -0.000000
     382.92472       -0.000000       -0.000000       -0.000000
     385.39472       -0.000000       -0.000000       -0.000000
     385.62972       -0.000000       -0.000000       -0.000000
     385.86472       -0.000000       -0.000000       -0.000000
     388.33472       -0.000000       -0.000000       -0.000000
     388.56972       -0.000000       -0.000000       -0.000000
     388.80472       -0.000000       -0.000000       -0.000000
     391.27472       -0.000000       -0.000000       -0.000000
     391.50972       -0.000000       -0.000000       -0.000000
     391.74472       -0.000000       -0.000000       -0.000000
     392.40972       -0.000000       -0.000000       -0.000000
     394.83736       -0.000000       -0.000000       -0.000000
     395.13736       -0.000000       -0.000000       -0.000000
     397.56499       -0.000000       -0.000000       -0.000000
     398.22999       -0.000000       -0.000000       -0.000000
     398.46499       -0.000000       -0.000000       -0.000000
     398.69999       -0.000000       -0.000000       -0.000000
     399.36499       -0.000000       -0.000000       -0.000000
     401.79263       -0.000000       -0.000000       -0.000000
     402.09263       -0.000000       -0.000000       -0.000000
     404.52026       -0.000000       -0.000000       -0.000000
     405.18526       -0.000000       -0.000000       -0.000000
     405.42026       -0.000000       -0.000000       -0.000000
     405.65526       -0.000000       -0.000000       -0.000000
     406.32026       -0.000000       -0.000000       -0.000000
     408.74790       -0.000000       -0.000000       -0.000000
     409.04790       -0.000000       -0.000000       -0.000000
     411.47553       -0.000000       -0.000000       -0.000000
     412.14053       -0.000000       -0.000000       -0.000000
     412.37553       -0.000000       -0.000000       -0.000000
     412.61053       -0.000000       -0.000000       -0.000000
     413.27553       -0.000000       -0.000000       -0.000000
     415.70317       -0.000000       -0.000000       -0.000000
     416.00317       -0.000000       -0.000000       -0.000000
     418.43080       -0.000000       -0.000000       -0.000000
     419.09580       -0.000000       -0.000000       -0.000000
     419.33080       -0.000000       -0.000000       -0.000000
     419.56580       -0.000000       -0.000000       -0.000000
     420.23080       -0.000000       -0.000000       -0.000000
     422.65844       -0.000000       -0.000000       -0.000000
     422.95844       -0.000000       -0.000000       -0.000000
     425.38607       -0.000000       -0.000000       -0.000000
     426.05107       -0.000000       -0.000000       -0.000000
     426.28607       -0.000000       -0.000000       -0.000000
     426.52107       -0.000000       -0.000000       -0.000000
     427.18607       -0.000000       -0.000000       -0.000000
     429.61371       -0.000000       -0.000000       -0.000000
     429.91371       -0.000000       -0.000000       -0.000000
     432.34134       -0.000000       -0.000000       -0.000000
     433.00634       -0.000000       -0.000000       -0.000000
     433.24134       -0.000000       -0.000000       -0.000000
     433.47634       -0.000000       -0.000000       -0.000000
     434.14134       -0.000000       -0.000000       -0.000000
     436.56898       -0.000000       -0.000000       -0.000000
     436.86898       -0.000000       -0.000000       -0.000000
     439.29661       -0.000000       -0.000000       -0.000000
     439.96161       -0.000000       -0.000000       -0.000000
     440.19661       -0.000000       -0.000000       -0.000000
     440.43161       -0.000000       -0.000000       -0.000000
     441.09661       -0.000000       -0.000000       -0.000000
     443.52425       -0.000000       -0.000000       -0.000000
     443.82425       -0.000000       -0.000000       -0.000000
     446.25188       -0.000000       -0.000000       -0.000000
     446.91688       -0.000000       -0.000000       -0.000000
     447.15188       -0.000000       -0.000000       -0.000000
     447.38688       -0.000000       -0.000000       -0.000000
     448.05188       -0.000000       -0.000000       -0.000000
     450.47952       -0.000000       -0.000000       -0.000000
     450.77952       -0.000000       -0.000000       -0.000000
     453.20715       -0.000000       -0.000000       -0.000000
     453.87215       -0.000000       -0.000000       -0.000000
     454.10715       -0.000000       -0.000000       -0.000000
     454.34215       -0.000000       -0.000000       -0.000000
     455.00715       -0.000000       -0.000000       -0.000000
     457.43479       -0.000000       -0.000000       -0.000000
     457.73479       -0.000000       -0.000000       -0.000000
     460.16242       -0.000000       -0.000000       -0.000000
     460.82742       -0.000000       -0.000000       -0.000000
     461.06242       -0.000000       -0.000000       -0.000000
     461.29742       -0.000000       -0.000000       -0.000000
     461.96242       -0.000000       -0.000000       -0.000000
     464.39006       -0.000000       -0.000000       -0.000000
     464.69006       -0.000000       -0.000000       -0.000000
     467.11769       -0.000000       -0.000000       -0.000000
     467.78269       -0.000000       -0.000000       -0.000000
     468.01769       -0.000000       -0.000000       -0.000000
     468.25269       -0.000000       -0.000000       -0.000000
     468.91769       -0.000000       -0.000000       -0.000000
     471.34533       -0.000000       -0.000000       -0.000000
     471.64533       -0.000000       -0.000000       -0.000000
     474.07296       -0.000000       -0.000000       -0.000000
     474.73796       -0.000000       -0.000000       -0.000000
     474.97296       -0.000000       -0.000000       -0.000000
     474.97296        0.000000        0.000000        0.000000
